Analyzing flutter_app...                                        

   info - Don't invoke 'print' in production code - lib\data\models\analysis.dart:78:9 - avoid_print
   info - Don't invoke 'print' in production code - lib\data\models\analysis.dart:88:9 - avoid_print
   info - Don't invoke 'print' in production code - lib\data\models\analysis.dart:98:9 - avoid_print
   info - Don't invoke 'print' in production code - lib\data\services\api_service.dart:10:5 - avoid_print
   info - Don't invoke 'print' in production code - lib\data\services\file_storage_service.dart:54:7 - avoid_print
warning - Unused import: 'package:percent_indicator/circular_percent_indicator.dart' - lib\presentation\screens\analysis\analysis_screen.dart:3:8 - unused_import
   info - Don't use 'BuildContext's across async gaps - lib\presentation\screens\analysis\analysis_screen.dart:73:28 - use_build_context_synchronously
warning - The declaration '_speak' isn't referenced - lib\presentation\screens\analysis\analysis_screen.dart:83:16 - unused_element
   info - 'withOpacity' is deprecated and shouldn't be used. Use .withValues() to avoid precision loss - lib\presentation\screens\analysis\analysis_screen.dart:242:44 - deprecated_member_use
   info - 'withOpacity' is deprecated and shouldn't be used. Use .withValues() to avoid precision loss - lib\presentation\screens\analysis\analysis_screen.dart:438:58 - deprecated_member_use
   info - Use 'const' with the constructor to improve performance - lib\presentation\screens\analysis\analysis_screen.dart:468:19 - prefer_const_constructors
   info - Use 'const' literals as arguments to constructors of '@immutable' classes - lib\presentation\screens\analysis\analysis_screen.dart:469:31 - prefer_const_literals_to_create_immutables
   info - Use 'const' with the constructor to improve performance - lib\presentation\screens\analysis\analysis_screen.dart:484:13 - prefer_const_constructors
   info - Use 'const' with the constructor to improve performance - lib\presentation\screens\analysis\analysis_screen.dart:484:59 - prefer_const_constructors
   info - Use 'const' with the constructor to improve performance - lib\presentation\screens\analysis\analysis_screen.dart:484:95 - prefer_const_constructors
   info - 'withOpacity' is deprecated and shouldn't be used. Use .withValues() to avoid precision loss - lib\presentation\screens\analysis\analysis_screen.dart:502:65 - deprecated_member_use
   info - 'withOpacity' is deprecated and shouldn't be used. Use .withValues() to avoid precision loss - lib\presentation\screens\analysis\widgets\hero_score.dart:26:33 - deprecated_member_use
   info - 'withOpacity' is deprecated and shouldn't be used. Use .withValues() to avoid precision loss - lib\presentation\screens\analysis\widgets\key_takeaways_widget.dart:97:50 - deprecated_member_use
   info - 'withOpacity' is deprecated and shouldn't be used. Use .withValues() to avoid precision loss - lib\presentation\screens\analysis\widgets\sticky_action_card.dart:25:35 - deprecated_member_use
   info - 'withOpacity' is deprecated and shouldn't be used. Use .withValues() to avoid precision loss - lib\presentation\screens\analysis\widgets\sticky_action_card.dart:33:42 - deprecated_member_use
   info - 'withOpacity' is deprecated and shouldn't be used. Use .withValues() to avoid precision loss - lib\presentation\screens\analysis\widgets\sticky_action_card.dart:47:39 - deprecated_member_use
   info - 'withOpacity' is deprecated and shouldn't be used. Use .withValues() to avoid precision loss - lib\presentation\screens\analysis\widgets\sticky_action_card.dart:76:35 - deprecated_member_use
   info - 'withOpacity' is deprecated and shouldn't be used. Use .withValues() to avoid precision loss - lib\presentation\screens\analysis\widgets\sticky_action_card.dart:86:35 - deprecated_member_use
   info - 'withOpacity' is deprecated and shouldn't be used. Use .withValues() to avoid precision loss - lib\presentation\screens\analysis\widgets\sticky_action_card.dart:88:54 - deprecated_member_use
   info - 'withOpacity' is deprecated and shouldn't be used. Use .withValues() to avoid precision loss - lib\presentation\screens\analysis\widgets\sticky_action_card.dart:100:45 - deprecated_member_use
   info - 'withOpacity' is deprecated and shouldn't be used. Use .withValues() to avoid precision loss - lib\presentation\screens\analysis\widgets\teach_grid_widget.dart:107:36 - deprecated_member_use
   info - 'withOpacity' is deprecated and shouldn't be used. Use .withValues() to avoid precision loss - lib\presentation\screens\chat\chat_screen.dart:128:57 - deprecated_member_use
   info - Use 'const' with the constructor to improve performance - lib\presentation\screens\chat\chat_screen.dart:141:30 - prefer_const_constructors
   info - 'withOpacity' is deprecated and shouldn't be used. Use .withValues() to avoid precision loss - lib\presentation\screens\chat\chat_screen.dart:212:38 - deprecated_member_use
   info - Use 'const' with the constructor to improve performance - lib\presentation\screens\chat\chat_screen.dart:237:35 - prefer_const_constructors
   info - The import of 'dart:ui' is unnecessary because all of the used elements are also provided by the import of 'package:flutter/material.dart' - lib\presentation\screens\home\home_screen.dart:6:8 - unnecessary_import
warning - Unused import: '../../../data/models/recording.dart' - lib\presentation\screens\home\home_screen.dart:17:8 - unused_import
warning - Unused import: '../../../data/models/analysis.dart' - lib\presentation\screens\home\home_screen.dart:18:8 - unused_import
warning - Unused import: '../analysis/analysis_list_screen.dart' - lib\presentation\screens\home\home_screen.dart:24:8 - unused_import
warning - Unused import: '../analysis/analysis_screen.dart' - lib\presentation\screens\home\home_screen.dart:25:8 - unused_import
warning - Unused import: '../auth/login_screen.dart' - lib\presentation\screens\home\home_screen.dart:26:8 - unused_import
warning - The value of the local variable 'user' isn't used - lib\presentation\screens\home\home_screen.dart:65:11 - unused_local_variable
   info - Don't use 'BuildContext's across async gaps - lib\presentation\screens\home\home_screen.dart:165:22 - use_build_context_synchronously
   info - Don't use 'BuildContext's across async gaps - lib\presentation\screens\home\home_screen.dart:196:28 - use_build_context_synchronously
   info - Don't invoke 'print' in production code - lib\presentation\screens\home\home_screen.dart:483:9 - avoid_print
   info - 'withOpacity' is deprecated and shouldn't be used. Use .withValues() to avoid precision loss - lib\presentation\screens\home\home_screen.dart:608:65 - deprecated_member_use
   info - 'withOpacity' is deprecated and shouldn't be used. Use .withValues() to avoid precision loss - lib\presentation\screens\home\home_screen.dart:702:71 - deprecated_member_use
   info - 'withOpacity' is deprecated and shouldn't be used. Use .withValues() to avoid precision loss - lib\presentation\screens\home\home_screen.dart:752:70 - deprecated_member_use
  error - Expected an identifier - lib\presentation\screens\home\home_screen.dart:785:13 - missing_identifier
  error - Expected to find ']' - lib\presentation\screens\home\home_screen.dart:785:13 - expected_token
   info - 'withOpacity' is deprecated and shouldn't be used. Use .withValues() to avoid precision loss - lib\presentation\screens\home\widgets\home_header.dart:50:41 - deprecated_member_use
   info - 'withOpacity' is deprecated and shouldn't be used. Use .withValues() to avoid precision loss - lib\presentation\screens\home\widgets\lock_toggle.dart:25:33 - deprecated_member_use
   info - 'activeColor' is deprecated and shouldn't be used. Use activeThumbColor or activeTrackColor instead. This feature was deprecated after v3.31.0-2.0.pre - lib\presentation\screens\home\widgets\lock_toggle.dart:65:13 - deprecated_member_use
   info - 'withOpacity' is deprecated and shouldn't be used. Use .withValues() to avoid precision loss - lib\presentation\screens\home\widgets\pulsing_mic_button.dart:65:54 - deprecated_member_use
   info - 'withOpacity' is deprecated and shouldn't be used. Use .withValues() to avoid precision loss - lib\presentation\screens\home\widgets\pulsing_mic_button.dart:89:54 - deprecated_member_use
   info - 'withOpacity' is deprecated and shouldn't be used. Use .withValues() to avoid precision loss - lib\presentation\screens\home\widgets\pulsing_mic_button.dart:103:54 - deprecated_member_use
   info - 'withOpacity' is deprecated and shouldn't be used. Use .withValues() to avoid precision loss - lib\presentation\screens\home\widgets\quick_stats_row.dart:87:33 - deprecated_member_use
   info - 'withOpacity' is deprecated and shouldn't be used. Use .withValues() to avoid precision loss - lib\presentation\screens\home\widgets\quote_card.dart:18:42 - deprecated_member_use
   info - 'withOpacity' is deprecated and shouldn't be used. Use .withValues() to avoid precision loss - lib\presentation\screens\home\widgets\quote_card.dart:33:35 - deprecated_member_use
   info - 'withOpacity' is deprecated and shouldn't be used. Use .withValues() to avoid precision loss - lib\presentation\screens\home\widgets\quote_card.dart:60:41 - deprecated_member_use
   info - 'withOpacity' is deprecated and shouldn't be used. Use .withValues() to avoid precision loss - lib\presentation\screens\home\widgets\recording_controls.dart:56:38 - deprecated_member_use
   info - The import of 'dart:ui' is unnecessary because all of the used elements are also provided by the import of 'package:flutter/material.dart' - lib\presentation\screens\home\widgets\recording_timer.dart:2:8 - unnecessary_import
   info - 'withOpacity' is deprecated and shouldn't be used. Use .withValues() to avoid precision loss - lib\presentation\screens\home\widgets\recording_timer.dart:34:31 - deprecated_member_use
   info - 'withOpacity' is deprecated and shouldn't be used. Use .withValues() to avoid precision loss - lib\presentation\screens\home\widgets\wave_visualizer.dart:68:48 - deprecated_member_use
   info - Don't use 'BuildContext's across async gaps - lib\presentation\screens\onboarding\onboarding_screen.dart:60:20 - use_build_context_synchronously
   info - Use 'const' with the constructor to improve performance - lib\presentation\screens\recording\recordings_list_screen.dart:28:31 - prefer_const_constructors
   info - 'withOpacity' is deprecated and shouldn't be used. Use .withValues() to avoid precision loss - lib\presentation\screens\recording\recordings_list_screen.dart:73:51 - deprecated_member_use
   info - Don't use 'BuildContext's across async gaps - lib\presentation\screens\recording\recordings_list_screen.dart:181:31 - use_build_context_synchronously
   info - 'withOpacity' is deprecated and shouldn't be used. Use .withValues() to avoid precision loss - lib\presentation\screens\recording\widgets\lesson_card.dart:44:33 - deprecated_member_use
   info - 'withOpacity' is deprecated and shouldn't be used. Use .withValues() to avoid precision loss - lib\presentation\screens\recording\widgets\lesson_card.dart:64:46 - deprecated_member_use
   info - Don't use 'BuildContext's across async gaps - lib\presentation\screens\splash_screen.dart:55:18 - use_build_context_synchronously

